src/components/DownloadSection.tsx(2,31): error TS6133: 'Share2' is declared but its value is never read.
src/components/ImageEditor.tsx(3,69): error TS6133: 'ZoomOut' is declared but its value is never read.
src/components/ImageEditor.tsx(19,41): error TS6133: 'croppedArea' is declared but its value is never read.
src/components/ImageEditorModal.tsx(5,15): error TS6133: 'Minimize' is declared but its value is never read.
src/utils/cropUtils.ts(90,34): error TS6133: 'reject' is declared but its value is never read.
